Nothing to build in platform 'testbench_bd_wrapper'

11:39:55 **** Incremental Build of configuration Debug for project arm ****
make all 
make --no-print-directory pre-build
a9-linaro-pre-build-step
' '
make --no-print-directory main-build
'Building file: ../src/helloworld.c'
'Invoking: ARM v7 gcc compiler'
arm-none-eabi-gcc -Wall -O0 -g3 -c -fmessage-length=0 -MT"src/helloworld.o" -mcpu=cortex-a9 -mfpu=vfpv3 -mfloat-abi=hard -IC:/Users/lnis/Documents/GF12_Testbed/projects/zybo/vitis/testbench_bd_wrapper/export/testbench_bd_wrapper/sw/testbench_bd_wrapper/domain_ps7_cortexa9_0/bspinclude/include -MMD -MP -MF"src/helloworld.d" -MT"src/helloworld.o" -o "src/helloworld.o" "../src/helloworld.c"
../src/helloworld.c: In function 'main':
../src/helloworld.c:110:6: warning: implicit declaration of function 'usleep' [-Wimplicit-function-declaration]
  110 |      usleep(1000); // Hold RESET high for at least 1ms
      |      ^~~~~~
../src/helloworld.c:143:6: warning: implicit declaration of function 'sleep' [-Wimplicit-function-declaration]
  143 |      sleep(1);
      |      ^~~~~
'Finished building: ../src/helloworld.c'
' '
'Building target: arm.elf'
'Invoking: ARM v7 gcc linker'
arm-none-eabi-gcc -mcpu=cortex-a9 -mfpu=vfpv3 -mfloat-abi=hard -Wl,-build-id=none -specs=Xilinx.spec -Wl,-T -Wl,../src/lscript.ld -LC:/Users/lnis/Documents/GF12_Testbed/projects/zybo/vitis/testbench_bd_wrapper/export/testbench_bd_wrapper/sw/testbench_bd_wrapper/domain_ps7_cortexa9_0/bsplib/lib -o "arm.elf"  ./src/helloworld.o ./src/platform.o   -Wl,--start-group,-lxil,-lgcc,-lc,--end-group
'Finished building target: arm.elf'
' '
'Invoking: ARM v7 Print Size'
arm-none-eabi-size arm.elf  |tee "arm.elf.size"
   text	   data	    bss	    dec	    hex	filename
  33488	   1152	  22632	  57272	   dfb8	arm.elf
'Finished building: arm.elf.size'
' '
