#-----------------------------------------------------------
# Webtalk v2020.1 (64-bit)
# SW Build 2902540 on Wed May 27 19:54:49 MDT 2020
# IP Build 2902112 on Wed May 27 22:43:36 MDT 2020
# Start of session at: Tue May 25 12:03:34 2021
# Process ID: 18348
# Current directory: D:/github/GF12_Testbed/projects/scan_chain_freq_test/scan_chain_freq_test.sim/sim_1/behav/xsim
# Command line: wbtcv.exe -mode batch -source D:/github/GF12_Testbed/projects/scan_chain_freq_test/scan_chain_freq_test.sim/sim_1/behav/xsim/xsim.dir/scan_chain_freq_test_tb_behav/webtalk/xsim_webtalk.tcl -notrace
# Log file: D:/github/GF12_Testbed/projects/scan_chain_freq_test/scan_chain_freq_test.sim/sim_1/behav/xsim/webtalk.log
# Journal file: D:/github/GF12_Testbed/projects/scan_chain_freq_test/scan_chain_freq_test.sim/sim_1/behav/xsim\webtalk.jou
#-----------------------------------------------------------
source D:/github/GF12_Testbed/projects/scan_chain_freq_test/scan_chain_freq_test.sim/sim_1/behav/xsim/xsim.dir/scan_chain_freq_test_tb_behav/webtalk/xsim_webtalk.tcl -notrace
